---
source: crates/vapix/tests/serde.rs
expression: "apis::action_1::get_action_configurations().to_envelope().unwrap()"
---
<soap:Envelope xmlns:soap="http://www.w3.org/2003/05/soap-envelope"><soap:Body xmlns:tns1="http://www.onvif.org/ver10/topics" xmlns:tnsaxis="http://www.axis.com/2009/event/topics"><GetActionConfigurations xmlns="http://www.axis.com/vapix/ws/action1"/></soap:Body></soap:Envelope>
