---
source: crates/vapix/tests/serde.rs
expression: "apis::action_1::add_action_configuration(\"com.axis.action.fixed.ledcontrol\").name(\"Flash status LED\").param(\"led\",\n\"statusled\").param(\"color\",\n\"green,none\").param(\"duration\",\n\"1\").param(\"interval\", \"250\").to_envelope().unwrap()"
---
<soap:Envelope xmlns:soap="http://www.w3.org/2003/05/soap-envelope"><soap:Body xmlns:tns1="http://www.onvif.org/ver10/topics" xmlns:tnsaxis="http://www.axis.com/2009/event/topics"><AddActionConfiguration xmlns="http://www.axis.com/vapix/ws/action1"><NewActionConfiguration><Name>Flash status LED</Name><TemplateToken>com.axis.action.fixed.ledcontrol</TemplateToken><Parameters><Parameter Name="led" Value="statusled"/><Parameter Name="color" Value="green,none"/><Parameter Name="duration" Value="1"/><Parameter Name="interval" Value="250"/></Parameters></NewActionConfiguration></AddActionConfiguration></soap:Body></soap:Envelope>
