---
source: crates/vapix/tests/serde.rs
expression: "apis::action_1::remove_action_rule(42).to_envelope().unwrap()"
---
<soap:Envelope xmlns:soap="http://www.w3.org/2003/05/soap-envelope"><soap:Body><RemoveActionRule xmlns="http://www.axis.com/vapix/ws/action1"><RuleID>42</RuleID></RemoveActionRule></soap:Body></soap:Envelope>
